// Jest Snapshot v1, https://goo.gl/fbAQLP

exports[`<PlayerSection /> should match the snapshot 1`] = `
<section
  className="PlayerSection"
>
  <ActivatedCards />
  <Connect(PlayerDeck) />
  <PlayerHand />
  <DiscardPile />
</section>
`;
