// Jest Snapshot v1, https://goo.gl/fbAQLP

exports[`<ActivatedCards /> should match the snapshot 1`] = `
<section
  className="ActivatedCards"
>
  ActivatedCards
</section>
`;
