// Jest Snapshot v1, https://goo.gl/fbAQLP

exports[`<App /> should match the snapshot 1`] = `
<div
  className="App"
>
  <Route
    component={[Function]}
    exact={true}
    path="/"
  />
  <Route
    component={[Function]}
    exact={true}
    path="/current-game"
  />
</div>
`;
